[
  "scope",
  "scope/supplier (5)",
  "scope/customer (10)"
]